<html>
<body>
<pre>
<h1>µVision Build Log</h1>
<h2>Tool Versions:</h2>
IDE-Version: ¦ÌVision V5.18.0.0
Copyright (C) 2016 ARM Ltd and ARM Germany GmbH. All rights reserved.
License Information: Hp Windows, HP Inc., LIC=V8512-9KUSU-GNSA5-GET8P-VWYZX-EP2UD
 
Tool Versions:
Toolchain:       MDK-ARM Professional  Version: 5.18
Toolchain Path:  D:\keil_v5\ARM\ARMCC\Bin
C Compiler:      Armcc.exe V5.06 update 1 (build 61)
Assembler:       Armasm.exe V5.06 update 1 (build 61)
Linker/Locator:  ArmLink.exe V5.06 update 1 (build 61)
Library Manager: ArmAr.exe V5.06 update 1 (build 61)
Hex Converter:   FromElf.exe V5.06 update 1 (build 61)
CPU DLL:         SARMCM3.DLL V5.18
Dialog DLL:      DARMSTM.DLL V1.65.0.0
Target DLL:      STLink\ST-LINKIII-KEIL_SWO.dll V2.0.18.0
Dialog DLL:      TARMSTM.DLL V1.64.0.0
 
<h2>Project:</h2>
F:\455\USER\Template.uvprojx
Project File Date:  08/11/2019

<h2>Output:</h2>
*** Using Compiler 'V5.06 update 1 (build 61)', folder: 'D:\keil_v5\ARM\ARMCC\Bin'
Rebuild target 'Target 1'
compiling stm32f10x_it.c...
compiling key.c...
compiling system_stm32f10x.c...
compiling led.c...
compiling sram.c...
compiling myiic.c...
compiling 24cxx.c...
compiling ctiic.c...
compiling spi.c...
compiling ft5206.c...
compiling ILI93xx.c...
compiling ott2001a.c...
compiling gt9147.c...
compiling main.c...
compiling w25qxx.c...
compiling timer.c...
compiling touch.c...
compiling sdio_sdcard.c...
compiling beep.c...
compiling adc.c...
compiling AD9854.c...
compiling bsp_spi_ad7606.c...
..\HARDWARE\AD7606\bsp_spi_ad7606.c(34): warning:  #177-D: variable "SPI_InitStructure" was declared but never referenced
  	SPI_InitTypeDef   SPI_InitStructure;
..\HARDWARE\AD7606\bsp_spi_ad7606.c: 1 warning, 0 errors
assembling startup_stm32f10x_hd.s...
compiling core_cm3.c...
compiling sys.c...
compiling delay.c...
compiling usart.c...
compiling misc.c...
compiling malloc.c...
compiling stm32f10x_crc.c...
compiling stm32f10x_fsmc.c...
compiling stm32f10x_gpio.c...
compiling stm32f10x_rcc.c...
compiling stm32f10x_spi.c...
compiling stm32f10x_usart.c...
compiling stm32f10x_tim.c...
compiling lib_ascii.c...
compiling stm32f10x_sdio.c...
compiling stm32f10x_dma.c...
compiling stm32f10x_adc.c...
compiling lib_math.c...
compiling bsp.c...
assembling lib_mem_a.asm...
compiling lib_mem.c...
compiling lib_str.c...
compiling os_cfg_app.c...
compiling os_dbg.c...
compiling os_core.c...
compiling os_int.c...
compiling os_mem.c...
compiling os_flag.c...
compiling os_msg.c...
compiling os_pend_multi.c...
compiling os_mutex.c...
compiling os_prio.c...
compiling os_stat.c...
compiling os_sem.c...
compiling os_q.c...
compiling os_tick.c...
assembling os_cpu_a.s...
compiling os_time.c...
compiling os_task.c...
compiling os_tmr.c...
compiling os_var.c...
compiling os_cpu_c.c...
compiling os_app_hooks.c...
compiling cpu_core.c...
compiling cpu_c.c...
assembling cpu_a.asm...
compiling GUIConf.c...
compiling LCDConf_FlexColor_Template.c...
compiling GUI_X_Touch_Analog.c...
compiling GUIDRV_Template.c...
compiling GUI_X_UCOSIII.c...
compiling diskio.c...
compiling ff.c...
compiling exfuns.c...
compiling mycc936.c...
compiling fattester.c...
compiling fontupd.c...
compiling FramewinDLG.c...
linking...
Program Size: Code=186194 RO-data=36342 RW-data=3484 ZI-data=932404  
FromELF: creating hex file...
"..\OBJ\MALLOC.axf" - 0 Error(s), 1 Warning(s).

<h2>Collection of Component include folders:</h2>
  F:\455\USER\RTE
  D:\keil_v5\ARM\PACK\Keil\STM32F1xx_DFP\1.0.5\Device\Include

<h2>Collection of Component Files used:</h2>
Build Time Elapsed:  00:00:15
</pre>
</body>
</html>
